Archive member included to satisfy reference by file (symbol)

/home/ethan/developer/opendrone/tools/gcc-arm-none-eabi-7-2017-q4-major/bin/../lib/gcc/arm-none-eabi/7.2.1/../../../../arm-none-eabi/lib/thumb/v7e-m/fpv4-sp/hard/libc_nano.a(lib_a-strtok_r.o)
                              obj/main/OPENDRONEBRH/fc/cli.o (symbol from plugin) (strtok_r)
/home/ethan/developer/opendrone/tools/gcc-arm-none-eabi-7-2017-q4-major/bin/../lib/gcc/arm-none-eabi/7.2.1/../../../../arm-none-eabi/lib/thumb/v7e-m/fpv4-sp/hard/libm.a(lib_a-sf_log2.o)
                              /tmp/ccjoD88l.ltrans1.ltrans.o (log2f)
/home/ethan/developer/opendrone/tools/gcc-arm-none-eabi-7-2017-q4-major/bin/../lib/gcc/arm-none-eabi/7.2.1/../../../../arm-none-eabi/lib/thumb/v7e-m/fpv4-sp/hard/libm.a(lib_a-sf_log2_data.o)
                              /home/ethan/developer/opendrone/tools/gcc-arm-none-eabi-7-2017-q4-major/bin/../lib/gcc/arm-none-eabi/7.2.1/../../../../arm-none-eabi/lib/thumb/v7e-m/fpv4-sp/hard/libm.a(lib_a-sf_log2.o) (__log2f_data)
/home/ethan/developer/opendrone/tools/gcc-arm-none-eabi-7-2017-q4-major/bin/../lib/gcc/arm-none-eabi/7.2.1/../../../../arm-none-eabi/lib/thumb/v7e-m/fpv4-sp/hard/libm.a(lib_a-sf_lrint.o)
                              /tmp/ccjoD88l.ltrans0.ltrans.o (lrintf)
/home/ethan/developer/opendrone/tools/gcc-arm-none-eabi-7-2017-q4-major/bin/../lib/gcc/arm-none-eabi/7.2.1/../../../../arm-none-eabi/lib/thumb/v7e-m/fpv4-sp/hard/libm.a(lib_a-sf_pow.o)
                              /tmp/ccjoD88l.ltrans1.ltrans.o (powf)
/home/ethan/developer/opendrone/tools/gcc-arm-none-eabi-7-2017-q4-major/bin/../lib/gcc/arm-none-eabi/7.2.1/../../../../arm-none-eabi/lib/thumb/v7e-m/fpv4-sp/hard/libm.a(lib_a-sf_pow_log2_data.o)
                              /home/ethan/developer/opendrone/tools/gcc-arm-none-eabi-7-2017-q4-major/bin/../lib/gcc/arm-none-eabi/7.2.1/../../../../arm-none-eabi/lib/thumb/v7e-m/fpv4-sp/hard/libm.a(lib_a-sf_pow.o) (__powf_log2_data)
/home/ethan/developer/opendrone/tools/gcc-arm-none-eabi-7-2017-q4-major/bin/../lib/gcc/arm-none-eabi/7.2.1/../../../../arm-none-eabi/lib/thumb/v7e-m/fpv4-sp/hard/libm.a(lib_a-wf_sqrt.o)
                              /tmp/ccjoD88l.ltrans0.ltrans.o (sqrtf)
/home/ethan/developer/opendrone/tools/gcc-arm-none-eabi-7-2017-q4-major/bin/../lib/gcc/arm-none-eabi/7.2.1/../../../../arm-none-eabi/lib/thumb/v7e-m/fpv4-sp/hard/libm.a(lib_a-ef_sqrt.o)
                              /home/ethan/developer/opendrone/tools/gcc-arm-none-eabi-7-2017-q4-major/bin/../lib/gcc/arm-none-eabi/7.2.1/../../../../arm-none-eabi/lib/thumb/v7e-m/fpv4-sp/hard/libm.a(lib_a-wf_sqrt.o) (__ieee754_sqrtf)
/home/ethan/developer/opendrone/tools/gcc-arm-none-eabi-7-2017-q4-major/bin/../lib/gcc/arm-none-eabi/7.2.1/../../../../arm-none-eabi/lib/thumb/v7e-m/fpv4-sp/hard/libm.a(lib_a-math_errf.o)
                              /home/ethan/developer/opendrone/tools/gcc-arm-none-eabi-7-2017-q4-major/bin/../lib/gcc/arm-none-eabi/7.2.1/../../../../arm-none-eabi/lib/thumb/v7e-m/fpv4-sp/hard/libm.a(lib_a-sf_pow.o) (__math_uflowf)
/home/ethan/developer/opendrone/tools/gcc-arm-none-eabi-7-2017-q4-major/bin/../lib/gcc/arm-none-eabi/7.2.1/../../../../arm-none-eabi/lib/thumb/v7e-m/fpv4-sp/hard/libm.a(lib_a-s_lib_ver.o)
                              /home/ethan/developer/opendrone/tools/gcc-arm-none-eabi-7-2017-q4-major/bin/../lib/gcc/arm-none-eabi/7.2.1/../../../../arm-none-eabi/lib/thumb/v7e-m/fpv4-sp/hard/libm.a(lib_a-wf_sqrt.o) (__fdlib_version)
/home/ethan/developer/opendrone/tools/gcc-arm-none-eabi-7-2017-q4-major/bin/../lib/gcc/arm-none-eabi/7.2.1/../../../../arm-none-eabi/lib/thumb/v7e-m/fpv4-sp/hard/libm.a(lib_a-s_matherr.o)
                              /home/ethan/developer/opendrone/tools/gcc-arm-none-eabi-7-2017-q4-major/bin/../lib/gcc/arm-none-eabi/7.2.1/../../../../arm-none-eabi/lib/thumb/v7e-m/fpv4-sp/hard/libm.a(lib_a-wf_sqrt.o) (matherr)
/home/ethan/developer/opendrone/tools/gcc-arm-none-eabi-7-2017-q4-major/bin/../lib/gcc/arm-none-eabi/7.2.1/../../../../arm-none-eabi/lib/thumb/v7e-m/fpv4-sp/hard/libm.a(lib_a-sf_exp2_data.o)
                              /home/ethan/developer/opendrone/tools/gcc-arm-none-eabi-7-2017-q4-major/bin/../lib/gcc/arm-none-eabi/7.2.1/../../../../arm-none-eabi/lib/thumb/v7e-m/fpv4-sp/hard/libm.a(lib_a-sf_pow.o) (__exp2f_data)
/home/ethan/developer/opendrone/tools/gcc-arm-none-eabi-7-2017-q4-major/bin/../lib/gcc/arm-none-eabi/7.2.1/../../../../arm-none-eabi/lib/thumb/v7e-m/fpv4-sp/hard/libc_nano.a(lib_a-errno.o)
                              /home/ethan/developer/opendrone/tools/gcc-arm-none-eabi-7-2017-q4-major/bin/../lib/gcc/arm-none-eabi/7.2.1/../../../../arm-none-eabi/lib/thumb/v7e-m/fpv4-sp/hard/libm.a(lib_a-wf_sqrt.o) (__errno)
/home/ethan/developer/opendrone/tools/gcc-arm-none-eabi-7-2017-q4-major/bin/../lib/gcc/arm-none-eabi/7.2.1/../../../../arm-none-eabi/lib/thumb/v7e-m/fpv4-sp/hard/libc_nano.a(lib_a-impure.o)
[...]
Memory Configuration

Name             Origin             Length             Attributes
FLASH            0x0000000008000000 0x000000000003f000 xr
FLASH_CONFIG     0x000000000803f000 0x0000000000001000 r
RAM              0x0000000020000000 0x000000000000a000 xrw
CCM              0x0000000010000000 0x0000000000002000 xrw
MEMORY_B1        0x0000000060000000 0x0000000000000000 xr
*default*        0x0000000000000000 0xffffffffffffffff

Linker script and memory map

LOAD obj/main/OPENDRONEBRH/startup_stm32f30x_md_gcc.o
LOAD /tmp/ccjoD88l.ltrans0.ltrans.o
LOAD /tmp/ccjoD88l.ltrans1.ltrans.o
LOAD /tmp/ccjoD88l.ltrans2.ltrans.o
LOAD /tmp/ccjoD88l.ltrans3.ltrans.o
LOAD /tmp/ccjoD88l.ltrans4.ltrans.o
LOAD /tmp/ccjoD88l.ltrans5.ltrans.o
LOAD /home/ethan/developer/opendrone/tools/gcc-arm-none-eabi-7-2017-q4-major/bin/../lib/gcc/arm-none-eabi/7.2.1/../../../../arm-none-eabi/lib/thumb/v7e-m/fpv4-sp/hard/libm.a
LOAD /home/ethan/developer/opendrone/tools/gcc-arm-none-eabi-7-2017-q4-major/bin/../lib/gcc/arm-none-eabi/7.2.1/../../../../arm-none-eabi/lib/thumb/v7e-m/fpv4-sp/hard/libc_nano.a
LOAD /home/ethan/developer/opendrone/tools/gcc-arm-none-eabi-7-2017-q4-major/bin/../lib/gcc/arm-none-eabi/7.2.1/../../../../arm-none-eabi/lib/thumb/v7e-m/fpv4-sp/hard/libnosys.a
START GROUP
LOAD /home/ethan/developer/opendrone/tools/gcc-arm-none-eabi-7-2017-q4-major/bin/../lib/gcc/arm-none-eabi/7.2.1/thumb/v7e-m/fpv4-sp/hard/libgcc.a
LOAD /home/ethan/developer/opendrone/tools/gcc-arm-none-eabi-7-2017-q4-major/bin/../lib/gcc/arm-none-eabi/7.2.1/../../../../arm-none-eabi/lib/thumb/v7e-m/fpv4-sp/hard/libg_nano.a
LOAD /home/ethan/developer/opendrone/tools/gcc-arm-none-eabi-7-2017-q4-major/bin/../lib/gcc/arm-none-eabi/7.2.1/../../../../arm-none-eabi/lib/thumb/v7e-m/fpv4-sp/hard/libc_nano.a
END GROUP
START GROUP
LOAD /home/ethan/developer/opendrone/tools/gcc-arm-none-eabi-7-2017-q4-major/bin/../lib/gcc/arm-none-eabi/7.2.1/thumb/v7e-m/fpv4-sp/hard/libgcc.a
LOAD /home/ethan/developer/opendrone/tools/gcc-arm-none-eabi-7-2017-q4-major/bin/../lib/gcc/arm-none-eabi/7.2.1/../../../../arm-none-eabi/lib/thumb/v7e-m/fpv4-sp/hard/libc_nano.a
END GROUP
                0x0000000000000000                _Min_Heap_Size = 0x0
                0x0000000000001800                _Min_Stack_Size = 0x1800
                0x0000000010002000                _estack = (ORIGIN (STACKRAM) + LENGTH (STACKRAM))
                0x000000000803f000                __config_start = ORIGIN (FLASH_CONFIG)
                0x0000000008040000                __config_end = (ORIGIN (FLASH_CONFIG) + LENGTH (FLASH_CONFIG))

.isr_vector     0x0000000008000000      0x188
                0x0000000008000000                . = ALIGN (0x4)
                [!provide]                        PROVIDE (isr_vector_table_base, .)
 *(.isr_vector)
 .isr_vector    0x0000000008000000      0x188 obj/main/OPENDRONEBRH/startup_stm32f30x_md_gcc.o
                0x0000000008000000                g_pfnVectors
                0x0000000008000188                . = ALIGN (0x4)

.text           0x0000000008000188    0x24698
                0x0000000008000188                . = ALIGN (0x4)
 *(.text)
 .text          0x0000000008000188     0x779c /tmp/ccjoD88l.ltrans0.ltrans.o
                0x0000000008000188                taskUpdateRxCheck
                0x00000000080003c2                cliGpsPassthrough.lto_priv.299
                0x000000000800050e                isCalibrating
                0x0000000008000564                resetConfigs
                0x00000000080005bc                getPidUpdateRate
                0x00000000080005dc                cliWrite.lto_priv.344
                0x0000000008000600                cliPrint.lto_priv.343
                0x000000000800062c                cliPrompt.lto_priv.341
                0x0000000008000648                cliPrintLinefeed.lto_priv.345
                0x0000000008000650                cliHelp.lto_priv.300
                0x00000000080006ce                cliResource.lto_priv.308
                0x0000000008000754                cliVersion.lto_priv.318
                0x0000000008000788                cliTasks.lto_priv.317
                0x0000000008000c04                cliName.lto_priv.305
                0x00000000080011f8                cliAux.lto_priv.289
                0x000000000800129c                cliPrintLine.lto_priv.342
                0x00000000080012aa                cliStatus.lto_priv.316
                0x00000000080016c0                cliGet.lto_priv.298
                0x0000000008001730                cliSet.lto_priv.314
                0x000000000800197c                cliPlaySound.lto_priv.306
                0x0000000008001a20                cliMixer.lto_priv.302
                0x0000000008001ad0                cliBeeper.lto_priv.290
                0x0000000008001c2c                cliFeature.lto_priv.297
                0x0000000008001d38                cliBootlog.lto_priv.291
                0x0000000008001dec                cliMotor.lto_priv.304
                0x0000000008001e90                cliMap.lto_priv.301
                0x0000000008001f34                cliServoMix.lto_priv.315
                0x00000000080021b0                cliServo.lto_priv.313
                0x0000000008002284                cliRxRange.lto_priv.309
                0x0000000008002344                cliMotorMix.lto_priv.303
                0x00000000080024d8                cliAdjustmentRange.lto_priv.288
                0x00000000080025d4                cliSerialPassthrough.lto_priv.312
                0x0000000008002798                cliSerial.lto_priv.311
                0x0000000008002da8                cliDiff.lto_priv.294
                0x0000000008002dac                cliDump.lto_priv.295
                0x0000000008002db0                TIM1_BRK_TIM15_IRQHandler
                0x0000000008002dc0                TIM8_CC_IRQHandler
                0x0000000008002dd0                TIM8_UP_IRQHandler
                0x0000000008002dd4                TIM3_IRQHandler
                0x0000000008002de4                TIM2_IRQHandler
                0x0000000008002df4                TIM1_CC_IRQHandler
                0x0000000008002e04                TIM1_UP_TIM16_IRQHandler
                0x0000000008002e08                timerChConfigCallbacks
                0x0000000008002ee8                configTimeBase
                0x0000000008002f88                timerConfigure
                0x0000000008002ffc                micros
                0x0000000008003098                taskGyro
                0x000000000800370c                delayMicroseconds
                0x000000000800372e                delay
                0x00000000080037bc                cliExit.lto_priv.296
                0x00000000080037fc                cliDfu.lto_priv.293
                0x0000000008003810                failureMode
                0x0000000008003880                writeEEPROM
                0x0000000008003a40                mwDisarm
                0x0000000008003ae0                cliDefaults.lto_priv.292
                0x0000000008003b0c                cliSave.lto_priv.310
                0x0000000008003b24                readEEPROM
                0x0000000008003f90                setConfigProfileAndWriteEEPROM
                0x0000000008003fae                cliProfile.lto_priv.307
                0x0000000008003ff0                saveConfigAndNotify
                0x0000000008004004                taskUpdateRxMain
                0x0000000008005188                taskMainPidLoop
 *fill*         0x0000000008007924        0x4 
 .text          0x0000000008007928     0x35fc /tmp/ccjoD88l.ltrans1.ltrans.o
                0x0000000008007ba4                adcPitotStart.lto_priv.223
                0x0000000008007ba6                adcPitotRead.lto_priv.224
                0x0000000008007ba8                pca9685setServoPulse
                0x0000000008007d28                biquadFilterApply
                0x0000000008007d6e                nullFilterApply
                0x0000000008008084                SysTick_Handler
                0x00000000080080b4                uartStartTxDMA
                0x0000000008008116                serialSetMode
                0x000000000800811c                isSerialTransmitBufferEmpty
                0x0000000008008122                serialRead
                0x0000000008008128                serialRxBytesWaiting
                0x000000000800812e                serialWrite
                0x0000000008008134                serialWriteBuf
                0x000000000800816a                serialWriteBufShim
                0x0000000008008178                pwmWriteServo
                0x00000000080081b8                addBootlogEntry.lto_priv.230
                0x00000000080081fc                addBootlogEvent6
                0x000000000800822e                IOGetByTag
                0x0000000008008274                uartOpen
                0x0000000008008560                IOLo
                0x000000000800856a                IOHi
                0x0000000008008574                IOWrite
                0x0000000008008588                systemBeep
                0x00000000080085a0                IO_GPIOPinIdx
                0x00000000080085b4                IO_GPIOPortIdx
                0x00000000080085c6                IOConfigGPIOAF
                0x0000000008008824                IOConfigGPIO
                0x000000000800888e                EXTI15_10_IRQHandler
                0x0000000008008892                EXTI0_IRQHandler
                0x0000000008008896                EXTI9_5_IRQHandler
                0x000000000800889a                EXTI4_IRQHandler
                0x000000000800889e                EXTI3_IRQHandler
                0x00000000080088a2                EXTI2_TS_IRQHandler
                0x00000000080088a6                EXTI1_IRQHandler
                0x00000000080088aa                spiTimeoutUserCallback
                0x00000000080089b0                busRead
                0x0000000008008a18                busReadBuf
                0x0000000008008abc                busWrite
                0x0000000008008b60                pca9685sync
                0x0000000008008ba4                pca9685setPWMFreq
                0x0000000008008be8                busSetSpeed
                0x0000000008008c84                busDeviceDeInit
                0x0000000008008c9e                busDeviceInit
                0x0000000008008d3c                pca9685Initialize
                0x0000000008008de0                bufWriterFlush
                0x0000000008008df8                adcGetChannel
                0x0000000008008e38                adcPitotCalculate.lto_priv.225
                0x0000000008008e84                pgActivateProfile
                0x0000000008008eb0                pgResetInstance.lto_priv.323
                0x0000000008008ef8                pgReset
                0x0000000008008f10                pgFind
                0x0000000008008f34                write_word.lto_priv.441
                0x0000000008008fe8                config_streamer_write
                0x000000000800901a                updateCRC.lto_priv.440
                0x0000000008009046                isEEPROMContentValid.part.4
                0x00000000080090a0                sl_strncasecmp
                0x00000000080090d4                fastA2I
                0x000000000800910e                fastA2F
                0x0000000008009224                ftoa
                0x00000000080092f0                rtcGet
                0x0000000008009324                rtcTimeToDateTime.lto_priv.442
                0x00000000080093fc                rtcGetDateTime
                0x000000000800942a                dateTimeToRtcTime.lto_priv.443
                0x0000000008009484                sbufReadU8Safe
                0x000000000800949e                sbufReadU32
                0x00000000080094ca                sbufReadU16
                0x00000000080094e0                sbufReadU16Safe
                0x00000000080094fe                sbufReadU8
                0x0000000008009508                sbufWriteData
                0x000000000800951c                sbufWriteU32
                0x0000000008009544                sbufWriteU16
                0x0000000008009558                tfp_format
                0x000000000800975a                tfp_sprintf
                0x0000000008009784                tfp_printf
                0x00000000080097c0                sensorCalibration_SolveLGS.lto_priv.265
                0x00000000080098f4                quickMedianFilter3
                0x000000000800992a                applyDeadband
                0x0000000008009948                wrap_18000
                0x000000000800996c                atan2_approx
                0x0000000008009a50                sin_approx
                0x0000000008009b14                cos_approx
                0x0000000008009b24                biquadFilterInit
                0x0000000008009bf0                biquadFilterInitNotch
                0x0000000008009c5a                pt1FilterApply4
                0x0000000008009cb0                crc8_dvb_s2
                0x0000000008009cca                crc8_dvb_s2_update
                0x0000000008009ce0                bitArraySet
                0x0000000008009cf8                debugTracePrintf
                0x000000000800a098                telemetryCheckRxPortShared
                0x000000000800a0ac                telemetryCheckState
                0x000000000800a7ac                processSmartPortTelemetry
                0x000000000800aed8                smartPortWriteFrameSerial
 .text          0x000000000800af24     0x5424 /tmp/ccjoD88l.ltrans2.ltrans.o
                0x000000000800af24                taskSyncPwmDriver
                0x000000000800af50                taskUpdateTemperature
                0x000000000800b008                mspFcProcessCommand
                0x000000000800dcc8                taskAcc
                0x000000000800dccc                taskAttitude
                0x000000000800dcd0                taskTelemetry
                0x000000000800f4cc                taskUpdatePitot
                0x000000000800f5a8                taskUpdateBaro
                0x000000000800f7e0                taskProcessGPS
                0x000000000800f9e0                taskUpdateBattery
                0x000000000800fd54                taskHandleSerial
                0x0000000008010328                HardFault_Handler
 .text          0x0000000008010348     0x5244 /tmp/ccjoD88l.ltrans3.ltrans.o
                0x0000000008010644                navOnEnteringState_NAV_STATE_LAUNCH_IN_PROGRESS.lto_priv.409
                0x0000000008010658                navOnEnteringState_NAV_STATE_EMERGENCY_LANDING_FINISHED.lto_priv.406
                0x000000000801065c                navOnEnteringState_NAV_STATE_EMERGENCY_LANDING_IN_PROGRESS.lto_priv.405
                0x0000000008010660                navOnEnteringState_NAV_STATE_WAYPOINT_FINISHED.lto_priv.402
                0x0000000008010680                navOnEnteringState_NAV_STATE_WAYPOINT_NEXT.lto_priv.401
                0x00000000080106b0                navOnEnteringState_NAV_STATE_WAYPOINT_REACHED.lto_priv.400
                0x00000000080107ba                usbTxBytesFree.lto_priv.255
                0x00000000080107be                usbVcpBeginWrite.lto_priv.262
                0x00000000080107c6                usbVcpIsConnected.lto_priv.261
                0x00000000080107dc                usbVcpAvailable.lto_priv.254
                0x00000000080107e8                bmp280_start_ut.lto_priv.219
                0x00000000080107ec                isUsbVcpTransmitBufferEmpty.lto_priv.258
                0x00000000080107f0                usbVcpSetMode.lto_priv.259
                0x00000000080107f2                usbVcpSetBaudRate.lto_priv.257
                0x00000000080107f4                ms5611_calculate.lto_priv.213
                0x00000000080109b8                bmp280_calculate.lto_priv.222
                0x0000000008010ba0                bmp280_get_ut.lto_priv.218
                0x0000000008010bb6                mpu6500AccInit.lto_priv.210
                0x0000000008010bbe                mpuTemperatureReadScratchpad
                0x0000000008010be2                mpuAccReadScratchpad
                0x0000000008010c80                gyroCheckDataReady
                0x0000000008010da0                navOnEnteringState_NAV_STATE_LAUNCH_INITIALIZE.lto_priv.407
                0x0000000008010e88                navOnEnteringState_NAV_STATE_LAUNCH_WAIT.lto_priv.408
                0x0000000008010ed0                navOnEnteringState_NAV_STATE_RTH_FINISHING.lto_priv.395
                0x00000000080111f8                usbVcpEndWrite.lto_priv.263
                0x0000000008011200                usbVcpWrite.lto_priv.253
                0x0000000008011220                usbVcpWriteBuf.lto_priv.260
                0x0000000008011268                usbVcpRead.lto_priv.256
                0x0000000008011326                ms56xx_get_up.lto_priv.217
                0x000000000801133c                ms56xx_get_ut.lto_priv.215
                0x0000000008011350                bmp280_get_up.lto_priv.221
                0x00000000080113ac                mpuGyroReadScratchpad
                0x00000000080113f0                ms56xx_start_up.lto_priv.216
                0x00000000080113fa                ms56xx_start_ut.lto_priv.214
                0x0000000008011404                bmp280_start_up.lto_priv.220
                0x0000000008011414                mpu6500AccAndGyroInit.lto_priv.469
                0x0000000008011688                handleUsartTxDma.lto_priv.446
                0x00000000080116c2                smartPortSendByte
                0x00000000080116f2                sendMspErrorResponse
                0x0000000008011720                mavlinkSendMessage.lto_priv.330
                0x0000000008011768                mavlinkStreamTrigger.lto_priv.329
                0x00000000080117a4                crc_accumulate.lto_priv.229
                0x00000000080117c0                respondToIbusRequest
                0x0000000008011b28                flushHottRxBuffer.lto_priv.332
                0x0000000008011b44                hottSwitchState.lto_priv.331
                0x0000000008011b64                serialize16.lto_priv.334
                0x0000000008011b7a                sendTelemetryTail.lto_priv.333
                0x0000000008011b88                sendDataHead.lto_priv.335
                0x0000000008011ba8                sendLatLong.lto_priv.336
                0x0000000008011c20                crsfFinalize.lto_priv.325
                0x0000000008011c5c                crsfSerialize8.lto_priv.326
                0x0000000008011c78                crsfSerialize32.lto_priv.328
                0x0000000008011ca2                crsfSerialize16.lto_priv.327
                0x0000000008011cb8                updatePositionEstimator
                0x0000000008012668                shouldResetReferenceAltitude.lto_priv.337
                0x00000000080126a0                onNewGPSData
                0x0000000008012d10                calculateMulticopterInitialHoldPosition
                0x0000000008012d5c                resetMulticopterPositionController
                0x0000000008012db4                resetMulticopterAltitudeController
                0x0000000008012e54                navOnEnteringState_NAV_STATE_EMERGENCY_LANDING_INITIALIZE.lto_priv.404
                0x0000000008012e5e                navOnEnteringState_NAV_STATE_WAYPOINT_INITIALIZE.lto_priv.397
                0x0000000008012e8c                navOnEnteringState_NAV_STATE_IDLE.lto_priv.383
                0x0000000008012eb4                updateAltitudeThrottleController_MC.lto_priv.437
                0x0000000008012f5c                updateAltitudeVelocityController_MC.lto_priv.438
                0x0000000008013038                isNavLaunchEnabled
                0x0000000008013054                navigationUsePIDs
                0x0000000008013234                navigationRequiresAngleMode
                0x0000000008013268                selectNavEventFromBoxModeInput.lto_priv.434
                0x00000000080133b4                resetWaypointList
                0x00000000080133d4                getWaypoint
                0x000000000801345c                saveNonVolatileWaypointList
                0x000000000801349c                updateClimbRateToAltitudeController
                0x0000000008013594                navOnEnteringState_NAV_STATE_RTH_FINISHED.lto_priv.396
                0x00000000080135bc                updateHomePositionCompatibility.lto_priv.439
                0x00000000080135f0                setHomePosition
                0x000000000801364c                calculateBearingToDestination
                0x00000000080136a8                applyFixedWingNavigationController
                0x000000000801412c                setDesiredPosition
                0x00000000080141ec                setWaypoint
                0x00000000080142f8                loadNonVolatileWaypointList
                0x0000000008014344                navOnEnteringState_NAV_STATE_POSHOLD_3D_IN_PROGRESS.lto_priv.389
                0x000000000801437c                navOnEnteringState_NAV_STATE_POSHOLD_3D_INITIALIZE.lto_priv.388
                0x00000000080143f0                navOnEnteringState_NAV_STATE_POSHOLD_2D_IN_PROGRESS.lto_priv.387
                0x0000000008014418                navOnEnteringState_NAV_STATE_POSHOLD_2D_INITIALIZE.lto_priv.386
                0x0000000008014460                navOnEnteringState_NAV_STATE_ALTHOLD_IN_PROGRESS.lto_priv.385
                0x0000000008014484                navOnEnteringState_NAV_STATE_ALTHOLD_INITIALIZE.lto_priv.384
                0x00000000080144cc                calculateDistanceToDestination
                0x0000000008014574                navOnEnteringState_NAV_STATE_RTH_LANDING.lto_priv.394
                0x0000000008014818                navOnEnteringState_NAV_STATE_WAYPOINT_RTH_LAND.lto_priv.403
                0x0000000008014834                navOnEnteringState_NAV_STATE_RTH_HOVER_PRIOR_TO_LANDING.lto_priv.393
                0x00000000080148d4                navOnEnteringState_NAV_STATE_WAYPOINT_PRE_ACTION.lto_priv.398
                0x0000000008014924                navOnEnteringState_NAV_STATE_RTH_CLIMB_TO_SAFE_ALT.lto_priv.391
                0x0000000008014a2c                navOnEnteringState_NAV_STATE_RTH_INITIALIZE.lto_priv.390
                0x0000000008014bbc                navOnEnteringState_NAV_STATE_WAYPOINT_IN_PROGRESS.lto_priv.399
                0x0000000008014c30                navOnEnteringState_NAV_STATE_RTH_HEAD_HOME.lto_priv.392
                0x0000000008014ca8                navProcessFSMEvents.lto_priv.433
                0x0000000008014de0                gpsResetSolution.lto_priv.339
                0x0000000008014e00                gpsHandleProtocol.lto_priv.338
                0x0000000008014eb0                gpsSetState
                0x0000000008014ec4                openSoftSerial
                0x00000000080150e8                systemTimekeepingSetup.lto_priv.506
                0x0000000008015160                isMPUSoftReset
                0x0000000008015170                USART3_IRQHandler
                0x000000000801517c                USART2_IRQHandler
                0x0000000008015188                USART1_IRQHandler
                0x0000000008015194                gpioInit
                0x00000000080151e8                DMA2_Channel5_IRQHandler
                0x00000000080151fc                DMA2_Channel4_IRQHandler
                0x0000000008015210                DMA2_Channel3_IRQHandler
                0x0000000008015224                DMA2_Channel2_IRQHandler
                0x0000000008015238                DMA2_Channel1_IRQHandler
                0x000000000801524c                DMA1_Channel7_IRQHandler
                0x0000000008015260                DMA1_Channel6_IRQHandler
                0x0000000008015274                DMA1_Channel5_IRQHandler
                0x0000000008015284                DMA1_Channel4_IRQHandler
                0x0000000008015294                DMA1_Channel3_IRQHandler
                0x00000000080152a4                DMA1_Channel2_IRQHandler
                0x00000000080152b4                DMA1_Channel1_IRQHandler
                0x00000000080152c4                i2cWaitForCompletion.lto_priv.500
                0x0000000008015524                SystemInit
 .text          0x000000000801558c     0x4714 /tmp/ccjoD88l.ltrans4.ltrans.o
                0x000000000801569c                setupFixedWingAltitudeController
                0x000000000801569c                NOP_Process
                0x00000000080156b4                Virtual_Com_Port_SetDeviceAddress
                0x00000000080156c0                Virtual_Com_Port_SetConfiguration
                0x0000000008016910                RCC_ClockCmd.constprop.205
                0x000000000801694c                NVIC_Init.part.0.constprop.204
                0x0000000008016988                EXTI_Init.part.0.constprop.202
                0x0000000008016a64                serialUARTInit.constprop.176
                0x0000000008016aec                spiTransfer.constprop.173
                0x0000000008016b42                timerGetByTag.part.2.constprop.153
                0x0000000008016b64                geoConvertGeodeticToLocal.constprop.149
                0x0000000008016bdc                ledSet.constprop.143
                0x0000000008016bec                ledToggle.constprop.142
                0x0000000008016c08                FLASH_WaitForLastOperation.constprop.141
                0x0000000008016c2c                geoConvertLocalToGeodetic.constprop.139
                0x0000000008016cac                navPidApply3.constprop.138
                0x0000000008016d92                quaternionRotateVectorInv.constprop.125
                0x0000000008016dfc                quaternionRotateVector.constprop.124
                0x0000000008016e68                mavlink_msg_mission_clear_all_decode.constprop.102
                0x0000000008016e8c                mavlink_msg_mission_count_decode.constprop.101
                0x0000000008016ea8                mavlink_finalize_message.isra.1.constprop.98
                0x0000000008016f58                mavlink_msg_mission_ack_pack.constprop.87
                0x0000000008016f90                addBootlogEvent2.constprop.75
                0x0000000008016fa8                crc_high_first.constprop.73
                0x0000000008016fd8                findNextSharedSerialPort.constprop.43
                0x000000000801703c                quaternionNormalize.constprop.22
                0x00000000080170c4                USBWakeUp_IRQHandler
                0x00000000080170d4                PendSV_Handler
                0x00000000080170d6                DebugMon_Handler
                0x00000000080170d8                SVC_Handler
                0x00000000080170da                UsageFault_Handler
                0x00000000080170dc                BusFault_Handler
                0x00000000080170de                MemManage_Handler
                0x00000000080170e0                NMI_Handler
                0x00000000080170e2                CDC_Send_DATA.part.0
                0x0000000008017140                SetEPRxCount
                0x0000000008017364                TIM_ICInit
                0x0000000008017480                timerChConfigIC.constprop.154
                0x00000000080174ac                DMA_Init
                0x00000000080174e8                DMA_DeInit
                0x00000000080175dc                GPIO_Init
                0x0000000008017666                RCC_GetClocksFreq
                0x0000000008017948                getHwGPSStatus
                0x0000000008017974                getHwPitotmeterStatus
                0x0000000008017998                getHwBarometerStatus
                0x00000000080179bc                getHwAccelerometerStatus
                0x00000000080179e0                isHardwareHealthy
                0x0000000008017a22                applyBoardAlignment.part.1
                0x0000000008017ab0                applySensorAlignment
                0x0000000008017b06                initBoardAlignment
                0x0000000008017c20                updateBoardAlignment
                0x0000000008017cc8                calculateBatteryPercentage
                0x0000000008017d30                getBatteryAverageCellVoltage
                0x0000000008017d4c                updateBatteryVoltage.lto_priv.340
                0x0000000008017dbc                accInitFilters
                0x0000000008017e5c                sensorsAutodetect.part.0
                0x0000000008018264                accGetCalibrationAxisFlags
                0x00000000080182a8                queueAdd.lto_priv.504
                0x0000000008018318                setTaskEnabled.part.0
                0x000000000801837c                setRSSI.part.1
                0x0000000008018558                parseRcChannels
                0x0000000008018598                resumeRxSignal
                0x00000000080185cc                suspendRxSignal
                0x00000000080185f4                rxUpdateRSSISource
                0x0000000008018630                rxInit
                0x0000000008018cf4                ibusIsChecksumOkIa6b
                0x0000000008018de0                mspSerialEncode.lto_priv.501
                0x0000000008018fb8                mspSerialProcessReceivedCommand.constprop.14
                0x0000000008019028                mspSerialAllocatePorts
                0x00000000080190dc                isFeatureSupported.lto_priv.503
                0x00000000080190f0                rcdeviceIsCameraControlEnabled.lto_priv.502
                0x0000000008019128                runcamDeviceSendPacket.part.3.lto_priv.264
                0x0000000008019528                USB_LP_CAN1_RX0_IRQHandler
 .text          0x0000000008019ca0     0x2268 /tmp/ccjoD88l.ltrans5.ltrans.o
                0x0000000008019ca0                nopConsumer.lto_priv.209
                0x0000000008019dba                sendCtrlCommand.isra.2.lto_priv.232
                0x0000000008019df4                runcamDeviceSendRequestAndWaitingResp.lto_priv.231
                0x0000000008019f08                warningLedRefresh
                0x0000000008019f3c                waitForSerialPortToFinishTransmitting
                0x0000000008019f52                closeSerialPort
                0x0000000008019f7c                openSerialPort
                0x000000000801a04c                serialFindPortConfiguration
                0x000000000801a070                pgResetFn_serialConfig
                0x000000000801a0c8                determinePortSharing
                0x000000000801a0dc                findSerialPortConfig
                0x000000000801a120                beeperSilence
                0x000000000801a144                beeper
                0x000000000801a1b8                beeperConfirmationBeeps
                0x000000000801a1f0                loadCustomServoMixer.part.0
                0x000000000801a29c                servoComputeScalingFactors
                0x000000000801a2e8                determineServoMiddleOrForwardFromChannel
                0x000000000801a320                pidBank.lto_priv.240.lto_priv.436
                0x000000000801a320                pidBankMutable.lto_priv.242.lto_priv.322
                0x000000000801a320                pidBank.lto_priv.239.lto_priv.431
                0x000000000801a320                pidBankMutable.lto_priv.243.lto_priv.430
                0x000000000801a320                pidBank.lto_priv.238.lto_priv.324
                0x000000000801a320                pidBank.lto_priv.241.lto_priv.429
                0x000000000801a33c                autotuneUpdateGains
                0x000000000801a390                pidResetTPAFilter.part.0
                0x000000000801a3ec                pidLevel.lto_priv.435
                0x000000000801a51c                pidAngleToRcCommand
                0x000000000801a57c                pidResetErrorAccumulators
                0x000000000801a59c                pidInitFilters
                0x000000000801a608                writeMotors
                0x000000000801a63c                stopMotors
                0x000000000801a680                mixerResetDisarmedMotors
                0x000000000801a6b4                findMixer
                0x000000000801a6d8                mixerUpdateStateFlags
                0x000000000801a728                calculateCosTiltAngle
                0x000000000801a750                isImuHeadingValid
                0x000000000801a784                isImuReady
                0x000000000801a7a4                imuUpdateAccelerometer
                0x000000000801adb0                imuSetMagneticDeclination
                0x000000000801adec                imuComputeRotationMatrix.lto_priv.505
                0x000000000801aea8                quaternionMultiply.lto_priv.228
                0x000000000801af1a                imuUpdateAttitude
                0x000000000801b734                failsafeRequiresAngleMode
                0x000000000801b764                setting_get_max
                0x000000000801b794                setting_get_min
                0x000000000801b7b4                getValueOffset.lto_priv.444
                0x000000000801b7f8                setting_get_pgn
                0x000000000801b838                setting_get_value_pointer
                0x000000000801b852                setting_get_name
                0x000000000801b8a4                getFlightModeForTelemetry
                0x000000000801b8fc                sensorsSet
                0x000000000801b90c                disableFlightMode
                0x000000000801b930                enableFlightMode
                0x000000000801b954                failsafeActivate.lto_priv.432
                0x000000000801b990                isRangeActive.part.0
                0x000000000801b9d8                updateUsedModeActivationConditionFlags
                0x000000000801ba4c                IS_RC_MODE_ACTIVE
                0x000000000801ba70                beeperUpdate
                0x000000000801bb90                generateThrottleCurve
                0x000000000801bc30                calculateThrottleStatus
                0x000000000801bc7c                areSticksDeflectedMoreThanPosHoldDeadband
                0x000000000801bcac                packSensorStatus
                0x000000000801bd04                packBoxModeFlags
                0x000000000801bee4                findBoxByActiveBoxId
 .text          0x000000000801bf08       0x14 /home/ethan/developer/opendrone/tools/gcc-arm-none-eabi-7-2017-q4-major/bin/../lib/gcc/arm-none-eabi/7.2.1/../../../../arm-none-eabi/lib/thumb/v7e-m/fpv4-sp/hard/libc_nano.a(lib_a-strcmp.o)
                0x000000000801bf08                strcmp
 .text          0x000000000801bf1c       0x10 /home/ethan/developer/opendrone/tools/gcc-arm-none-eabi-7-2017-q4-major/bin/../lib/gcc/arm-none-eabi/7.2.1/../../../../arm-none-eabi/lib/thumb/v7e-m/fpv4-sp/hard/libc_nano.a(lib_a-strlen.o)
                0x000000000801bf1c                strlen
 .text          0x000000000801bf2c      0x378 /home/ethan/developer/opendrone/tools/gcc-arm-none-eabi-7-2017-q4-major/bin/../lib/gcc/arm-none-eabi/7.2.1/thumb/v7e-m/fpv4-sp/hard/libgcc.a(_arm_addsubdf3.o)
                0x000000000801bf2c                __aeabi_drsub
                0x000000000801bf34                __aeabi_dsub
                0x000000000801bf34                __subdf3
                0x000000000801bf38                __adddf3
                0x000000000801bf38                __aeabi_dadd
                0x000000000801c1b0                __aeabi_ui2d
                0x000000000801c1b0                __floatunsidf
                0x000000000801c1d0                __floatsidf
                0x000000000801c1d0                __aeabi_i2d
                0x000000000801c1f4                __extendsfdf2
                0x000000000801c1f4                __aeabi_f2d
                0x000000000801c238                __aeabi_ul2d
                0x000000000801c238                __floatundidf
                0x000000000801c248                __floatdidf
                0x000000000801c248                __aeabi_l2d
 .text          0x000000000801c2a4      0x424 /home/ethan/developer/opendrone/tools/gcc-arm-none-eabi-7-2017-q4-major/bin/../lib/gcc/arm-none-eabi/7.2.1/thumb/v7e-m/fpv4-sp/hard/libgcc.a(_arm_muldivdf3.o)
                0x000000000801c2a4                __aeabi_dmul
                0x000000000801c2a4                __muldf3
                0x000000000801c4f8                __aeabi_ddiv
                0x000000000801c4f8                __divdf3
 .text          0x000000000801c6c8      0x110 /home/ethan/developer/opendrone/tools/gcc-arm-none-eabi-7-2017-q4-major/bin/../lib/gcc/arm-none-eabi/7.2.1/thumb/v7e-m/fpv4-sp/hard/libgcc.a(_arm_cmpdf2.o)
                0x000000000801c6c8                __gtdf2
                0x000000000801c6c8                __gedf2
                0x000000000801c6d0                __ltdf2
                0x000000000801c6d0                __ledf2
                0x000000000801c6d8                __cmpdf2
                0x000000000801c6d8                __eqdf2
                0x000000000801c6d8                __nedf2
                0x000000000801c754                __aeabi_cdrcmple
                0x000000000801c764                __aeabi_cdcmple
                0x000000000801c764                __aeabi_cdcmpeq
                0x000000000801c774                __aeabi_dcmpeq
                0x000000000801c788                __aeabi_dcmplt
                0x000000000801c79c                __aeabi_dcmple
                0x000000000801c7b0                __aeabi_dcmpge
                0x000000000801c7c4                __aeabi_dcmpgt
 .text          0x000000000801c7d8       0x40 /home/ethan/developer/opendrone/tools/gcc-arm-none-eabi-7-2017-q4-major/bin/../lib/gcc/arm-none-eabi/7.2.1/thumb/v7e-m/fpv4-sp/hard/libgcc.a(_arm_fixunsdfsi.o)
                0x000000000801c7d8                __fixunsdfsi
                0x000000000801c7d8                __aeabi_d2uiz
 .text          0x000000000801c818       0xa0 /home/ethan/developer/opendrone/tools/gcc-arm-none-eabi-7-2017-q4-major/bin/../lib/gcc/arm-none-eabi/7.2.1/thumb/v7e-m/fpv4-sp/hard/libgcc.a(_arm_truncdfsf2.o)
                0x000000000801c818                __aeabi_d2f
                0x000000000801c818                __truncdfsf2
 .text          0x000000000801c8b8      0x21c /home/ethan/developer/opendrone/tools/gcc-arm-none-eabi-7-2017-q4-major/bin/../lib/gcc/arm-none-eabi/7.2.1/thumb/v7e-m/fpv4-sp/hard/libgcc.a(_arm_addsubsf3.o)
                0x000000000801c8b8                __aeabi_frsub
                0x000000000801c8c0                __subsf3
                0x000000000801c8c0                __aeabi_fsub
                0x000000000801c8c4                __aeabi_fadd
                0x000000000801c8c4                __addsf3
                0x000000000801ca24                __aeabi_ui2f
                0x000000000801ca24                __floatunsisf
                0x000000000801ca2c                __aeabi_i2f
                0x000000000801ca2c                __floatsisf
                0x000000000801ca48                __floatundisf
                0x000000000801ca48                __aeabi_ul2f
                0x000000000801ca58                __floatdisf
                0x000000000801ca58                __aeabi_l2f
 .text          0x000000000801cad4       0xa0 /home/ethan/developer/opendrone/tools/gcc-arm-none-eabi-7-2017-q4-major/bin/../lib/gcc/arm-none-eabi/7.2.1/thumb/v7e-m/fpv4-sp/hard/libgcc.a(_aeabi_ldivmod.o)
                0x000000000801cad4                __aeabi_ldivmod
 .text          0x000000000801cb74       0x30 /home/ethan/developer/opendrone/tools/gcc-arm-none-eabi-7-2017-q4-major/bin/../lib/gcc/arm-none-eabi/7.2.1/thumb/v7e-m/fpv4-sp/hard/libgcc.a(_aeabi_uldivmod.o)
                0x000000000801cb74                __aeabi_uldivmod
 .text          0x000000000801cba4       0x28 /home/ethan/developer/opendrone/tools/gcc-arm-none-eabi-7-2017-q4-major/bin/../lib/gcc/arm-none-eabi/7.2.1/thumb/v7e-m/fpv4-sp/hard/libgcc.a(_popcountsi2.o)
                0x000000000801cba4                __popcountsi2
 .text          0x000000000801cbcc      0x2cc /home/ethan/developer/opendrone/tools/gcc-arm-none-eabi-7-2017-q4-major/bin/../lib/gcc/arm-none-eabi/7.2.1/thumb/v7e-m/fpv4-sp/hard/libgcc.a(_udivmoddi4.o)
                0x000000000801cbcc                __udivmoddi4
 .text          0x000000000801ce98        0x4 /home/ethan/developer/opendrone/tools/gcc-arm-none-eabi-7-2017-q4-major/bin/../lib/gcc/arm-none-eabi/7.2.1/thumb/v7e-m/fpv4-sp/hard/libgcc.a(_dvmd_tls.o)
                0x000000000801ce98                __aeabi_ldiv0
                0x000000000801ce98                __aeabi_idiv0
 *(.text*)
 .text.Reset_Handler
                0x000000000801ce9c       0x9c obj/main/OPENDRONEBRH/startup_stm32f30x_md_gcc.o
                0x000000000801ce9c                Reset_Handler
 .text.Default_Handler
                0x000000000801cf38        0x2 obj/main/OPENDRONEBRH/startup_stm32f30x_md_gcc.o
                0x000000000801cf38                RTC_Alarm_IRQHandler
                0x000000000801cf38                TIM8_TRG_COM_IRQHandler
                0x000000000801cf38                USB_HP_IRQHandler
                0x000000000801cf38                PVD_IRQHandler
                0x000000000801cf38                I2C2_EV_IRQHandler
                0x000000000801cf38                FPU_IRQHandler
                0x000000000801cf38                ADC1_2_IRQHandler
                0x000000000801cf38                SPI1_IRQHandler
                0x000000000801cf38                TIM6_DAC_IRQHandler
                0x000000000801cf38                CAN1_RX1_IRQHandler
                0x000000000801cf38                UART5_IRQHandler
                0x000000000801cf38                ADC3_IRQHandler
                0x000000000801cf38                TIM4_IRQHandler
                0x000000000801cf38                I2C1_EV_IRQHandler
                0x000000000801cf38                UART4_IRQHandler
                0x000000000801cf38                RCC_IRQHandler
                0x000000000801cf38                Default_Handler
                0x000000000801cf38                USBWakeUp_RMP_IRQHandler
                0x000000000801cf38                TIM7_IRQHandler
                0x000000000801cf38                TAMPER_STAMP_IRQHandler
                0x000000000801cf38                RTC_WKUP_IRQHandler
                0x000000000801cf38                SPI2_IRQHandler
                0x000000000801cf38                USB_LP_IRQHandler
                0x000000000801cf38                TIM1_TRG_COM_TIM17_IRQHandler
                0x000000000801cf38                USB_HP_CAN1_TX_IRQHandler
                0x000000000801cf38                ADC4_IRQHandler
                0x000000000801cf38                WWDG_IRQHandler
                0x000000000801cf38                COMP7_IRQHandler
                0x000000000801cf38                COMP1_2_3_IRQHandler
                0x000000000801cf38                COMP4_5_6_IRQHandler
                0x000000000801cf38                I2C2_ER_IRQHandler
                0x000000000801cf38                TIM8_BRK_IRQHandler
                0x000000000801cf38                CAN1_SCE_IRQHandler
                0x000000000801cf38                FLASH_IRQHandler
                0x000000000801cf38                SPI3_IRQHandler
                0x000000000801cf38                I2C1_ER_IRQHandler
 *fill*         0x000000000801cf3a        0x2 
 .text.startup  0x000000000801cf3c     0x20ac /tmp/ccjoD88l.ltrans1.ltrans.o
                0x000000000801cf3c                main
 .text.unlikely
                0x000000000801efe8       0xf4 /tmp/ccjoD88l.ltrans4.ltrans.o
 .text.__strtok_r
                0x000000000801f0dc       0x54 /home/ethan/developer/opendrone/tools/gcc-arm-none-eabi-7-2017-q4-major/bin/../lib/gcc/arm-none-eabi/7.2.1/../../../../arm-none-eabi/lib/thumb/v7e-m/fpv4-sp/hard/libc_nano.a(lib_a-strtok_r.o)
                0x000000000801f0dc                __strtok_r
 .text.strtok_r
                0x000000000801f130        0x6 /home/ethan/developer/opendrone/tools/gcc-arm-none-eabi-7-2017-q4-major/bin/../lib/gcc/arm-none-eabi/7.2.1/../../../../arm-none-eabi/lib/thumb/v7e-m/fpv4-sp/hard/libc_nano.a(lib_a-strtok_r.o)
                0x000000000801f130                strtok_r
 *fill*         0x000000000801f136        0x2 
 .text.__errno  0x000000000801f138        0xc /home/ethan/developer/opendrone/tools/gcc-arm-none-eabi-7-2017-q4-major/bin/../lib/gcc/arm-none-eabi/7.2.1/../../../../arm-none-eabi/lib/thumb/v7e-m/fpv4-sp/hard/libc_nano.a(lib_a-errno.o)
                0x000000000801f138                __errno
 .text.memcpy   0x000000000801f144       0x16 /home/ethan/developer/opendrone/tools/gcc-arm-none-eabi-7-2017-q4-major/bin/../lib/gcc/arm-none-eabi/7.2.1/../../../../arm-none-eabi/lib/thumb/v7e-m/fpv4-sp/hard/libc_nano.a(lib_a-memcpy-stub.o)
                0x000000000801f144                memcpy
 .text.memmove  0x000000000801f15a       0x32 /home/ethan/developer/opendrone/tools/gcc-arm-none-eabi-7-2017-q4-major/bin/../lib/gcc/arm-none-eabi/7.2.1/../../../../arm-none-eabi/lib/thumb/v7e-m/fpv4-sp/hard/libc_nano.a(lib_a-memmove.o)
                0x000000000801f15a                memmove
 .text.memset   0x000000000801f18c       0x10 /home/ethan/developer/opendrone/tools/gcc-arm-none-eabi-7-2017-q4-major/bin/../lib/gcc/arm-none-eabi/7.2.1/../../../../arm-none-eabi/lib/thumb/v7e-m/fpv4-sp/hard/libc_nano.a(lib_a-memset.o)
                0x000000000801f18c                memset
 .text.strcat   0x000000000801f19c       0x1e /home/ethan/developer/opendrone/tools/gcc-arm-none-eabi-7-2017-q4-major/bin/../lib/gcc/arm-none-eabi/7.2.1/../../../../arm-none-eabi/lib/thumb/v7e-m/fpv4-sp/hard/libc_nano.a(lib_a-strcat.o)
                0x000000000801f19c                strcat
 .text.strchr   0x000000000801f1ba       0x1a /home/ethan/developer/opendrone/tools/gcc-arm-none-eabi-7-2017-q4-major/bin/../lib/gcc/arm-none-eabi/7.2.1/../../../../arm-none-eabi/lib/thumb/v7e-m/fpv4-sp/hard/libc_nano.a(lib_a-strchr.o)
                0x000000000801f1ba                strchr
 .text.strcpy   0x000000000801f1d4       0x10 /home/ethan/developer/opendrone/tools/gcc-arm-none-eabi-7-2017-q4-major/bin/../lib/gcc/arm-none-eabi/7.2.1/../../../../arm-none-eabi/lib/thumb/v7e-m/fpv4-sp/hard/libc_nano.a(lib_a-strcpy.o)
                0x000000000801f1d4                strcpy
 .text.strncmp  0x000000000801f1e4       0x24 /home/ethan/developer/opendrone/tools/gcc-arm-none-eabi-7-2017-q4-major/bin/../lib/gcc/arm-none-eabi/7.2.1/../../../../arm-none-eabi/lib/thumb/v7e-m/fpv4-sp/hard/libc_nano.a(lib_a-strncmp.o)
                0x000000000801f1e4                strncmp
 .text.strncpy  0x000000000801f208       0x2a /home/ethan/developer/opendrone/tools/gcc-arm-none-eabi-7-2017-q4-major/bin/../lib/gcc/arm-none-eabi/7.2.1/../../../../arm-none-eabi/lib/thumb/v7e-m/fpv4-sp/hard/libc_nano.a(lib_a-strncpy.o)
                0x000000000801f208                strncpy
 .text.strspn   0x000000000801f232       0x24 /home/ethan/developer/opendrone/tools/gcc-arm-none-eabi-7-2017-q4-major/bin/../lib/gcc/arm-none-eabi/7.2.1/../../../../arm-none-eabi/lib/thumb/v7e-m/fpv4-sp/hard/libc_nano.a(lib_a-strspn.o)
                0x000000000801f232                strspn
 .text.strstr   0x000000000801f256       0x34 /home/ethan/developer/opendrone/tools/gcc-arm-none-eabi-7-2017-q4-major/bin/../lib/gcc/arm-none-eabi/7.2.1/../../../../arm-none-eabi/lib/thumb/v7e-m/fpv4-sp/hard/libc_nano.a(lib_a-strstr.o)
                0x000000000801f256                strstr
 *fill*         0x000000000801f28a        0x2 
 .text.log2f    0x000000000801f28c      0x13c /home/ethan/developer/opendrone/tools/gcc-arm-none-eabi-7-2017-q4-major/bin/../lib/gcc/arm-none-eabi/7.2.1/../../../../arm-none-eabi/lib/thumb/v7e-m/fpv4-sp/hard/libm.a(lib_a-sf_log2.o)
                0x000000000801f28c                log2f
 .text.lrintf   0x000000000801f3c8       0x98 /home/ethan/developer/opendrone/tools/gcc-arm-none-eabi-7-2017-q4-major/bin/../lib/gcc/arm-none-eabi/7.2.1/../../../../arm-none-eabi/lib/thumb/v7e-m/fpv4-sp/hard/libm.a(lib_a-sf_lrint.o)
                0x000000000801f3c8                lrintf
 .text.powf     0x000000000801f460      0x3a8 /home/ethan/developer/opendrone/tools/gcc-arm-none-eabi-7-2017-q4-major/bin/../lib/gcc/arm-none-eabi/7.2.1/../../../../arm-none-eabi/lib/thumb/v7e-m/fpv4-sp/hard/libm.a(lib_a-sf_pow.o)
                0x000000000801f460                powf
 .text.sqrtf    0x000000000801f808       0xac /home/ethan/developer/opendrone/tools/gcc-arm-none-eabi-7-2017-q4-major/bin/../lib/gcc/arm-none-eabi/7.2.1/../../../../arm-none-eabi/lib/thumb/v7e-m/fpv4-sp/hard/libm.a(lib_a-wf_sqrt.o)
                0x000000000801f808                sqrtf
 .text.__ieee754_sqrtf
                0x000000000801f8b4        0x8 /home/ethan/developer/opendrone/tools/gcc-arm-none-eabi-7-2017-q4-major/bin/../lib/gcc/arm-none-eabi/7.2.1/../../../../arm-none-eabi/lib/thumb/v7e-m/fpv4-sp/hard/libm.a(lib_a-ef_sqrt.o)
                0x000000000801f8b4                __ieee754_sqrtf
 .text.with_errnof
                0x000000000801f8bc       0x1c /home/ethan/developer/opendrone/tools/gcc-arm-none-eabi-7-2017-q4-major/bin/../lib/gcc/arm-none-eabi/7.2.1/../../../../arm-none-eabi/lib/thumb/v7e-m/fpv4-sp/hard/libm.a(lib_a-math_errf.o)
 .text.xflowf   0x000000000801f8d8       0x20 /home/ethan/developer/opendrone/tools/gcc-arm-none-eabi-7-2017-q4-major/bin/../lib/gcc/arm-none-eabi/7.2.1/../../../../arm-none-eabi/lib/thumb/v7e-m/fpv4-sp/hard/libm.a(lib_a-math_errf.o)
 .text.__math_uflowf
                0x000000000801f8f8        0xc /home/ethan/developer/opendrone/tools/gcc-arm-none-eabi-7-2017-q4-major/bin/../lib/gcc/arm-none-eabi/7.2.1/../../../../arm-none-eabi/lib/thumb/v7e-m/fpv4-sp/hard/libm.a(lib_a-math_errf.o)
                0x000000000801f8f8                __math_uflowf
 .text.__math_may_uflowf
                0x000000000801f904        0xc /home/ethan/developer/opendrone/tools/gcc-arm-none-eabi-7-2017-q4-major/bin/../lib/gcc/arm-none-eabi/7.2.1/../../../../arm-none-eabi/lib/thumb/v7e-m/fpv4-sp/hard/libm.a(lib_a-math_errf.o)
                0x000000000801f904                __math_may_uflowf
 .text.__math_oflowf
                0x000000000801f910        0xc /home/ethan/developer/opendrone/tools/gcc-arm-none-eabi-7-2017-q4-major/bin/../lib/gcc/arm-none-eabi/7.2.1/../../../../arm-none-eabi/lib/thumb/v7e-m/fpv4-sp/hard/libm.a(lib_a-math_errf.o)
                0x000000000801f910                __math_oflowf
 .text.__math_divzerof
                0x000000000801f91c       0x24 /home/ethan/developer/opendrone/tools/gcc-arm-none-eabi-7-2017-q4-major/bin/../lib/gcc/arm-none-eabi/7.2.1/../../../../arm-none-eabi/lib/thumb/v7e-m/fpv4-sp/hard/libm.a(lib_a-math_errf.o)
                0x000000000801f91c                __math_divzerof
 .text.__math_invalidf
                0x000000000801f940       0x20 /home/ethan/developer/opendrone/tools/gcc-arm-none-eabi-7-2017-q4-major/bin/../lib/gcc/arm-none-eabi/7.2.1/../../../../arm-none-eabi/lib/thumb/v7e-m/fpv4-sp/hard/libm.a(lib_a-math_errf.o)
                0x000000000801f940                __math_invalidf
 .text.matherr  0x000000000801f960        0x4 /home/ethan/developer/opendrone/tools/gcc-arm-none-eabi-7-2017-q4-major/bin/../lib/gcc/arm-none-eabi/7.2.1/../../../../arm-none-eabi/lib/thumb/v7e-m/fpv4-sp/hard/libm.a(lib_a-s_matherr.o)
                0x000000000801f960                matherr
 *(.rodata)
 .rodata        0x000000000801f964      0x804 /tmp/ccjoD88l.ltrans0.ltrans.o
                0x000000000801fc50                servoMixers
                0x000000000801fd20                timerDefinitions
                0x000000000801fd84                navFSM.lto_priv.522
                0x000000000802010d                servoMixerAirplane.lto_priv.499
                0x0000000008020125                servoMixerFlyingWing.lto_priv.498
                0x0000000008020135                servoMixerTri.lto_priv.497
 .rodata        0x0000000008020168      0x134 /tmp/ccjoD88l.ltrans1.ltrans.o
 .rodata        0x000000000802029c      0x3b0 /tmp/ccjoD88l.ltrans2.ltrans.o
                0x00000000080203f8                gpsProviders.lto_priv.459
                0x0000000008020440                cmdTable
                0x0000000008020630                pwmDrivers
                0x0000000008020640                buildTime
                0x0000000008020644                buildDate
                0x0000000008020648                targetName
 .rodata        0x000000000802064c      0x2a4 /tmp/ccjoD88l.ltrans3.ltrans.o
 .rodata        0x00000000080208f0      0x229 /tmp/ccjoD88l.ltrans4.ltrans.o
                0x0000000008020900                timerHardware
                0x00000000080209c6                rcChannelLetters
                0x00000000080209d0                baudRates
                0x0000000008020ac4                camDevice
                0x0000000008020b0c                leds.lto_priv.473
                0x0000000008020b18                ledOffset.lto_priv.321
                0x0000000008020b18                driverImplementationIndex.lto_priv.278
 *fill*         0x0000000008020b19        0x3 
 .rodata        0x0000000008020b1c     0x1b19 /tmp/ccjoD88l.ltrans5.ltrans.o
                0x0000000008020b60                serialPortIdentifiers
                0x0000000008020b68                beeperTable
                0x0000000008020d78                failsafeProcedureLogic.lto_priv.364
                0x0000000008020d90                settingLookupTables
                0x0000000008020f70                settingsTable
                0x0000000008021da0                boxes.lto_priv.269
                0x0000000008021f2c                table_smartport_fuel_unit
                0x0000000008021f38                table_serial_rx
                0x0000000008021f64                table_reset_altitude
                0x0000000008021f70                table_receiver_type
                0x0000000008021f8c                table_pitot_hardware
                0x0000000008021fa4                table_off_on
                0x0000000008021fac                table_nav_user_control_mode
                0x0000000008021fb4                table_nav_rth_alt_mode
                0x0000000008021fc8                table_nav_rth_allow_landing
                0x0000000008021fd4                table_motor_pwm_protocol
                0x0000000008021fe8                table_i2c_speed
                0x0000000008021ff8                table_gyro_lpf
                0x0000000008022010                table_gps_sbas_mode
                0x0000000008022028                table_gps_provider
                0x0000000008022040                table_gps_dyn_model
                0x000000000802204c                table_gimbal_mode
                0x0000000008022054                table_frsky_unit
                0x000000000802205c                table_failsafe_procedure
                0x000000000802206c                table_debug_modes
                0x00000000080220a0                table_current_sensor
                0x00000000080220ac                table_bat_capacity_unit
                0x00000000080220b4                table_baro_hardware
                0x00000000080220d0                table_aux_operator
                0x00000000080220d8                table_async_mode
                0x00000000080220e4                table_alignment
                0x0000000008022108                table_acc_hardware
                0x00000000080225c8                beep_camCloseBeep.lto_priv.428
                0x00000000080225cc                beep_camOpenBeep.lto_priv.427
                0x00000000080225d2                beep_launchModeBeep.lto_priv.426
                0x00000000080225d7                beep_armedBeep.lto_priv.425
                0x00000000080225dc                beep_disarmRepeatBeep.lto_priv.424
                0x00000000080225e0                beep_readyBeep.lto_priv.423
                0x00000000080225ef                beep_2longerBeeps.lto_priv.422
                0x00000000080225f4                beep_2shortBeeps.lto_priv.421
                0x00000000080225f9                beep_shortBeep.lto_priv.420
                0x00000000080225fc                beep_lowBatteryBeep.lto_priv.418
                0x00000000080225ff                beep_critBatteryBeep.lto_priv.417
                0x0000000008022602                beep_armedGpsFix.lto_priv.416
                0x000000000802260b                beep_armingBeep.lto_priv.415
                0x0000000008022610                beep_disarmBeep.lto_priv.414
                0x0000000008022615                beep_sos.lto_priv.413
                0x0000000008022628                beep_txLostBeep.lto_priv.412
                0x000000000802262b                beep_hardwareFailure.lto_priv.411
                0x000000000802262e                beep_runtimeCalibrationDone.lto_priv.410
 *(.rodata*)
 .rodata.str1.1
                0x0000000008022635      0xe69 /tmp/ccjoD88l.ltrans0.ltrans.o
                                        0xf42 (size before relaxing)
 .rodata.str1.1
                0x000000000802349e       0x6c /tmp/ccjoD88l.ltrans1.ltrans.o
                                         0xb6 (size before relaxing)
 .rodata.str1.1
                0x000000000802350a      0x458 /tmp/ccjoD88l.ltrans2.ltrans.o
                                        0x4f0 (size before relaxing)
 .rodata.str1.1
                0x0000000008023962       0x39 /tmp/ccjoD88l.ltrans3.ltrans.o
 .rodata.str1.1
                0x000000000802399b       0x48 /tmp/ccjoD88l.ltrans4.ltrans.o
                                         0x8a (size before relaxing)
 .rodata.str1.1
                0x00000000080239e3      0xa9c /tmp/ccjoD88l.ltrans5.ltrans.o
                                        0xbd3 (size before relaxing)
 *fill*         0x000000000802447f        0x1 
 .rodata.__log2f_data
                0x0000000008024480      0x120 /home/ethan/developer/opendrone/tools/gcc-arm-none-eabi-7-2017-q4-major/bin/../lib/gcc/arm-none-eabi/7.2.1/../../../../arm-none-eabi/lib/thumb/v7e-m/fpv4-sp/hard/libm.a(lib_a-sf_log2_data.o)
                0x0000000008024480                __log2f_data
 .rodata.TWO23  0x00000000080245a0        0x8 /home/ethan/developer/opendrone/tools/gcc-arm-none-eabi-7-2017-q4-major/bin/../lib/gcc/arm-none-eabi/7.2.1/../../../../arm-none-eabi/lib/thumb/v7e-m/fpv4-sp/hard/libm.a(lib_a-sf_lrint.o)
 .rodata.__powf_log2_data
                0x00000000080245a8      0x128 /home/ethan/developer/opendrone/tools/gcc-arm-none-eabi-7-2017-q4-major/bin/../lib/gcc/arm-none-eabi/7.2.1/../../../../arm-none-eabi/lib/thumb/v7e-m/fpv4-sp/hard/libm.a(lib_a-sf_pow_log2_data.o)
                0x00000000080245a8                __powf_log2_data
 .rodata.sqrtf.str1.4
                0x00000000080246d0        0x8 /home/ethan/developer/opendrone/tools/gcc-arm-none-eabi-7-2017-q4-major/bin/../lib/gcc/arm-none-eabi/7.2.1/../../../../arm-none-eabi/lib/thumb/v7e-m/fpv4-sp/hard/libm.a(lib_a-wf_sqrt.o)
                                          0x6 (size before relaxing)
 .rodata.__exp2f_data
                0x00000000080246d8      0x148 /home/ethan/developer/opendrone/tools/gcc-arm-none-eabi-7-2017-q4-major/bin/../lib/gcc/arm-none-eabi/7.2.1/../../../../arm-none-eabi/lib/thumb/v7e-m/fpv4-sp/hard/libm.a(lib_a-sf_exp2_data.o)
                0x00000000080246d8                __exp2f_data
 *(.glue_7)
 .glue_7        0x0000000008024820        0x0 linker stubs
 *(.glue_7t)
 .glue_7t       0x0000000008024820        0x0 linker stubs
 *(.eh_frame)
 *(.init)
 *(.fini)
                0x0000000008024820                . = ALIGN (0x4)
                0x0000000008024820                _etext = .

.vfp11_veneer   0x0000000008024820        0x0
 .vfp11_veneer  0x0000000008024820        0x0 linker stubs

.v4_bx          0x0000000008024820        0x0
 .v4_bx         0x0000000008024820        0x0 linker stubs

.iplt           0x0000000008024820        0x0
 .iplt          0x0000000008024820        0x0 obj/main/OPENDRONEBRH/startup_stm32f30x_md_gcc.o

.ARM.extab
 *(.ARM.extab* .gnu.linkonce.armextab.*)

.ARM            0x0000000008024820        0x8
                0x0000000008024820                __exidx_start = .
 *(.ARM.exidx*)
 .ARM.exidx     0x0000000008024820        0x8 /home/ethan/developer/opendrone/tools/gcc-arm-none-eabi-7-2017-q4-major/bin/../lib/gcc/arm-none-eabi/7.2.1/thumb/v7e-m/fpv4-sp/hard/libgcc.a(_udivmoddi4.o)
                0x0000000008024828                __exidx_end = .

.preinit_array  0x0000000008024828        0x0
                [!provide]                        PROVIDE (__preinit_array_start, .)
 *(.preinit_array*)
                [!provide]                        PROVIDE (__preinit_array_end, .)

.init_array     0x0000000008024828        0x0
                [!provide]                        PROVIDE (__init_array_start, .)
 *(SORT_BY_NAME(.init_array.*))
 *(.init_array*)
                [!provide]                        PROVIDE (__init_array_end, .)

.fini_array     0x0000000008024828        0x0
                [!provide]                        PROVIDE (__fini_array_start, .)
 *(.fini_array*)
 *(SORT_BY_NAME(.fini_array.*))
                [!provide]                        PROVIDE (__fini_array_end, .)

.pg_registry    0x0000000008024828      0x320
                0x0000000008024828                PROVIDE (__pg_registry_start, .)
 *(.pg_registry)
 .pg_registry   0x0000000008024828       0x8c /tmp/ccjoD88l.ltrans0.ltrans.o
                0x0000000008024828                adcChannelConfig_Registry
                0x000000000802483c                imuConfig_Registry
                0x0000000008024850                controlRateProfiles_Registry
                0x0000000008024864                statsConfig_Registry
                0x0000000008024878                pidAutotuneConfig_Registry
                0x000000000802488c                gimbalConfig_Registry
                0x00000000080248a0                modeActivationOperatorConfig_Registry
 .pg_registry   0x00000000080248b4       0xf0 /tmp/ccjoD88l.ltrans2.ltrans.o
                0x00000000080248b4                telemetryConfig_Registry
                0x00000000080248c8                compassConfig_Registry
                0x00000000080248dc                featureConfig_Registry
                0x00000000080248f0                timeConfig_Registry
                0x0000000008024904                positionEstimationConfig_Registry
                0x0000000008024918                navConfig_Registry
                0x000000000802492c                servoConfig_Registry
                0x0000000008024940                customMotorMixer_Registry
                0x0000000008024954                gpsConfig_Registry
                0x0000000008024968                adjustmentRanges_Registry
                0x000000000802497c                gyroConfig_Registry
                0x0000000008024990                armingConfig_Registry
 .pg_registry   0x00000000080249a4       0x28 /tmp/ccjoD88l.ltrans3.ltrans.o
                0x00000000080249a4                displayConfig_Registry
                0x00000000080249b8                nonVolatileWaypointList_Registry
 .pg_registry   0x00000000080249cc       0xc8 /tmp/ccjoD88l.ltrans4.ltrans.o
                0x00000000080249cc                rxChannelRangeConfigs_Registry
                0x00000000080249e0                modeActivationConditions_Registry
                0x00000000080249f4                rxConfig_Registry
                0x0000000008024a08                batteryConfig_Registry
                0x0000000008024a1c                boardAlignment_Registry
                0x0000000008024a30                systemConfig_Registry
                0x0000000008024a44                pitotmeterConfig_Registry
                0x0000000008024a58                barometerConfig_Registry
                0x0000000008024a6c                accelerometerConfig_Registry
                0x0000000008024a80                serialConfig_Registry
 .pg_registry   0x0000000008024a94       0xb4 /tmp/ccjoD88l.ltrans5.ltrans.o
                0x0000000008024a94                rcControlsConfig_Registry
                0x0000000008024aa8                failsafeConfig_Registry
                0x0000000008024abc                mixerConfig_Registry
                0x0000000008024ad0                flight3DConfig_Registry
                0x0000000008024ae4                motorConfig_Registry
                0x0000000008024af8                pidProfile_Registry
                0x0000000008024b0c                servoParams_Registry
                0x0000000008024b20                customServoMixers_Registry
                0x0000000008024b34                beeperConfig_Registry
 *(SORT_BY_NAME(.pg_registry.*))
                0x0000000008024b48                PROVIDE (__pg_registry_end, .)

.pg_resetdata   0x0000000008024b48      0x214
                0x0000000008024b48                PROVIDE (__pg_resetdata_start, .)
 *(.pg_resetdata)
 .pg_resetdata  0x0000000008024b48       0x28 /tmp/ccjoD88l.ltrans0.ltrans.o
                0x0000000008024b48                pgResetTemplate_adcChannelConfig
                0x0000000008024b4c                pgResetTemplate_imuConfig
                0x0000000008024b58                pgResetTemplate_statsConfig
                0x0000000008024b68                pgResetTemplate_pidAutotuneConfig
 .pg_resetdata  0x0000000008024b70       0xdf /tmp/ccjoD88l.ltrans2.ltrans.o
                0x0000000008024b70                pgResetTemplate_telemetryConfig
                0x0000000008024b84                pgResetTemplate_compassConfig
                0x0000000008024b98                pgResetTemplate_featureConfig
                0x0000000008024b9c                pgResetTemplate_timeConfig
                0x0000000008024ba0                pgResetTemplate_positionEstimationConfig
                0x0000000008024bd8                pgResetTemplate_navConfig
                0x0000000008024c28                pgResetTemplate_servoConfig
                0x0000000008024c32                pgResetTemplate_gpsConfig
                0x0000000008024c3a                pgResetTemplate_gyroConfig
                0x0000000008024c4c                pgResetTemplate_armingConfig
 *fill*         0x0000000008024c4f        0x1 
 .pg_resetdata  0x0000000008024c50        0x1 /tmp/ccjoD88l.ltrans3.ltrans.o
                0x0000000008024c50                pgResetTemplate_displayConfig
 *fill*         0x0000000008024c51        0x3 
 .pg_resetdata  0x0000000008024c54       0x6e /tmp/ccjoD88l.ltrans4.ltrans.o
                0x0000000008024c54                pgResetTemplate_rxConfig
                0x0000000008024c78                pgResetTemplate_batteryConfig
                0x0000000008024c98                pgResetTemplate_systemConfig
                0x0000000008024cb4                pgResetTemplate_pitotmeterConfig
                0x0000000008024cc0                pgResetTemplate_barometerConfig
 *fill*         0x0000000008024cc2        0x2 
 .pg_resetdata  0x0000000008024cc4       0x98 /tmp/ccjoD88l.ltrans5.ltrans.o
                0x0000000008024cc4                pgResetTemplate_rcControlsConfig
                0x0000000008024cca                pgResetTemplate_failsafeConfig
                0x0000000008024cde                pgResetTemplate_mixerConfig
                0x0000000008024ce2                pgResetTemplate_flight3DConfig
                0x0000000008024ce8                pgResetTemplate_motorConfig
                0x0000000008024cf4                pgResetTemplate_pidProfile
                0x0000000008024d5c                PROVIDE (__pg_resetdata_end, .)

.busdev_registry
                0x0000000008024d5c       0x24
                0x0000000008024d5c                PROVIDE (__busdev_registry_start, .)
 *(.busdev_registry)
 .busdev_registry
                0x0000000008024d5c       0x24 /tmp/ccjoD88l.ltrans3.ltrans.o
                0x0000000008024d5c                busdev_mpu6500_registry
                0x0000000008024d68                busdev_bmp280_registry
                0x0000000008024d74                busdev_ms5611_registry
 *(SORT_BY_NAME(.busdev_registry.*))
                0x0000000008024d80                PROVIDE (__busdev_registry_end, .)
                0x0000000008024d80                _sidata = .

.rel.dyn        0x0000000008024d80        0x0
 .rel.iplt      0x0000000008024d80        0x0 obj/main/OPENDRONEBRH/startup_stm32f30x_md_gcc.o

.data           0x0000000020000000      0x7f4 load address 0x0000000008024d80
                0x0000000020000000                . = ALIGN (0x4)
                0x0000000020000000                _sdata = .
 *(.data)
 .data          0x0000000020000000        0xa /tmp/ccjoD88l.ltrans0.ltrans.o
                0x0000000020000000                SystemCoreClock
                0x0000000020000008                altHoldThrottleRCZero.lto_priv.523
 *fill*         0x000000002000000a        0x2 
 .data          0x000000002000000c      0x22c /tmp/ccjoD88l.ltrans1.ltrans.o
                0x0000000020000010                dmaDescriptors.lto_priv.532
                0x000000002000019c                SENSOR_ADDRESS_TYPE_LOOKUP.lto_priv.508
                0x00000000200001dc                i2cHardwareMap.lto_priv.534
 .data          0x0000000020000238        0x8 /tmp/ccjoD88l.ltrans2.ltrans.o
 .data          0x0000000020000240        0x6 /tmp/ccjoD88l.ltrans3.ltrans.o
 *fill*         0x0000000020000246        0x2 
 .data          0x0000000020000248      0x540 /tmp/ccjoD88l.ltrans4.ltrans.o
                0x000000002000029c                Device_Property
                0x0000000020000303                standardBoardAlignment.lto_priv.250
                0x0000000020000304                batteryCellCount.lto_priv.237
                0x0000000020000308                cfTasks
 .data          0x0000000020000788        0x1 /tmp/ccjoD88l.ltrans5.ltrans.o
                0x0000000020000788                isUsingSticksToArm.lto_priv.349
 *(.data*)
 *fill*         0x0000000020000789        0x3 
 .data._impure_ptr
                0x000000002000078c        0x4 /home/ethan/developer/opendrone/tools/gcc-arm-none-eabi-7-2017-q4-major/bin/../lib/gcc/arm-none-eabi/7.2.1/../../../../arm-none-eabi/lib/thumb/v7e-m/fpv4-sp/hard/libc_nano.a(lib_a-impure.o)
                0x000000002000078c                _impure_ptr
 .data.impure_data
                0x0000000020000790       0x60 /home/ethan/developer/opendrone/tools/gcc-arm-none-eabi-7-2017-q4-major/bin/../lib/gcc/arm-none-eabi/7.2.1/../../../../arm-none-eabi/lib/thumb/v7e-m/fpv4-sp/hard/libc_nano.a(lib_a-impure.o)
 .data.__fdlib_version
                0x00000000200007f0        0x1 /home/ethan/developer/opendrone/tools/gcc-arm-none-eabi-7-2017-q4-major/bin/../lib/gcc/arm-none-eabi/7.2.1/../../../../arm-none-eabi/lib/thumb/v7e-m/fpv4-sp/hard/libm.a(lib_a-s_lib_ver.o)
                0x00000000200007f0                __fdlib_version
                0x00000000200007f4                . = ALIGN (0x4)
 *fill*         0x00000000200007f1        0x3 
                0x00000000200007f4                _edata = .

.igot.plt       0x00000000200007f4        0x0 load address 0x0000000008025574
 .igot.plt      0x00000000200007f4        0x0 obj/main/OPENDRONEBRH/startup_stm32f30x_md_gcc.o
                0x00000000200007f4                . = ALIGN (0x4)

.bss            0x00000000200007f8     0x5368 load address 0x0000000008025574
                0x00000000200007f8                _sbss = .
                0x00000000200007f8                __bss_start__ = _sbss
 *(.bss)
 .bss           0x00000000200007f8      0xa1e /tmp/ccjoD88l.ltrans0.ltrans.o
                0x0000000020000846                pitotCalibrationFinished.lto_priv.457
                0x0000000020000848                eepromConfigSize.lto_priv.451
                0x000000002000084a                adcChannelConfig_System
                0x0000000020000850                eventCount.lto_priv.449
                0x0000000020000854                events.lto_priv.450
                0x0000000020000c54                timerConfig
                0x0000000020000d1c                sysTickPending.lto_priv.445
                0x0000000020000d20                usTicks.lto_priv.528
                0x0000000020000f48                rcCommandAdjustedThrottle.lto_priv.524
                0x0000000020000f60                lastAccelTargetX.lto_priv.520
                0x0000000020000f64                lastAccelTargetY.lto_priv.521
                0x0000000020000f68                mcPosControllerAccFilterStateX.lto_priv.518
                0x0000000020000f74                mcPosControllerAccFilterStateY.lto_priv.519
                0x0000000020000f8c                currentMixer.lto_priv.470
                0x000000002000104e                mixerUsesServos.lto_priv.471
                0x00000000200010d0                servoOutputEnabled.lto_priv.472
                0x00000000200010d4                motorControlEnable
 *fill*         0x0000000020001216        0x2 
 .bss           0x0000000020001218      0xc72 /tmp/ccjoD88l.ltrans1.ltrans.o
                0x00000000200012ac                extiChannelRecs
                0x000000002000130c                uartPort1.lto_priv.531
                0x0000000020001364                uartPort2.lto_priv.530
                0x00000000200013bc                uartPort3.lto_priv.529
                0x0000000020001a1c                busState.lto_priv.533
                0x0000000020001b74                frskyPort.lto_priv.511
                0x0000000020001b98                cachedRccCsrValue
                0x0000000020001ba4                extiGroupPriority.lto_priv.527
                0x0000000020001d04                pitotCalibrationTimeout.lto_priv.517
                0x0000000020001d08                mspPackage.lto_priv.507
 *fill*         0x0000000020001e8a        0x6 
 .bss           0x0000000020001e90      0xc59 /tmp/ccjoD88l.ltrans2.ltrans.o
                0x0000000020001e94                gyroDev0.lto_priv.365
                0x0000000020001ed4                cycleTime
                0x0000000020001ed8                i2cErrorCount.lto_priv.378
                0x0000000020001eda                servo
                0x0000000020001eec                customMotorMixer_SystemArray
                0x0000000020001fac                mAhDrawn.lto_priv.494
                0x0000000020001fb0                amperage.lto_priv.495
                0x0000000020001fb8                mWhDrawn.lto_priv.368
                0x0000000020001fbd                armingConfig_System
                0x0000000020001fc0                gyroConfig_System
                0x0000000020001fd2                adjustmentRanges_SystemArray
                0x000000002000201a                gpsConfig_System
                0x0000000020002022                compassConfig_System
                0x0000000020002034                GPS_distanceToHome
                0x0000000020002036                GPS_directionToHome
                0x0000000020002038                NAV_Status
                0x0000000020002040                featureConfig_System
                0x0000000020002044                servoConfig_System
                0x000000002000204e                navConfig_System
                0x00000000200020a0                positionEstimationConfig_System
                0x00000000200020d8                timeConfig_System
                0x00000000200020e0                started.lto_priv.452
                0x00000000200020e8                lastMspRssiUpdateUs.lto_priv.351
                0x00000000200020f0                cliMode
                0x00000000200020f1                frskyTelemetryEnabled.lto_priv.488
                0x00000000200020fc                telemetryConfig_System
                0x0000000020002111                hottTelemetryEnabled.lto_priv.486
                0x0000000020002112                hottState.lto_priv.509
                0x0000000020002114                hottPort.lto_priv.487
                0x0000000020002120                hottStateChangeUs.lto_priv.510
                0x000000002000212a                hottGPSMessage.lto_priv.493
                0x000000002000215d                hottEAMMessage.lto_priv.492
                0x0000000020002194                smartPortSerialPort.lto_priv.485
                0x00000000200021b8                mavlinkTelemetryEnabled.lto_priv.479
                0x00000000200021bc                mavlinkPort.lto_priv.480
                0x0000000020002620                GPS_home
                0x000000002000262c                ibusTelemetryEnabled.lto_priv.475
                0x000000002000262d                crsfTelemetryEnabled.lto_priv.474
                0x0000000020002630                ibusSerialPort.lto_priv.477
                0x0000000020002634                outboundBytesToIgnoreOnRxCount.lto_priv.478
                0x0000000020002639                telemetryBufLen.lto_priv.515
                0x000000002000263a                telemetryBuf.lto_priv.514
                0x0000000020002664                crsfSchedule.lto_priv.489
                0x000000002000266a                crsfCrc.lto_priv.512
                0x000000002000266b                crsfFrame.lto_priv.513
                0x000000002000268f                crsfScheduleCount.lto_priv.490
                0x0000000020002698                pitotPressure.lto_priv.516
                0x00000000200026c8                baroCalibrationFinished.lto_priv.373
                0x00000000200026cc                baroCalibrationTimeout.lto_priv.458
                0x00000000200026d8                posEstimator.lto_priv.372
                0x00000000200027c0                gpsState
                0x0000000020002810                batteryWarningVoltage.lto_priv.456
                0x0000000020002820                cliWriter.lto_priv.380
                0x0000000020002824                cliPort.lto_priv.379
                0x0000000020002828                bufferIndex.lto_priv.382
                0x000000002000282c                cliBuffer.lto_priv.381
                0x000000002000286c                printfSerialPort.lto_priv.453
                0x00000000200028fc                systemState
                0x0000000020002928                featureConfig_Copy
                0x00000000200029c4                customMotorMixer_CopyArray
                0x0000000020002a8b                adjustmentRanges_CopyArray
 *fill*         0x0000000020002ae9        0x7 
 .bss           0x0000000020002af0     0x122c /tmp/ccjoD88l.ltrans3.ltrans.o
 *fill*         0x0000000020003d1c        0x4 
 .bss           0x0000000020003d20     0x17b6 /tmp/ccjoD88l.ltrans4.ltrans.o
                0x0000000020003d20                pInformation
                0x0000000020003d28                bDeviceState
                0x0000000020003d2c                Device_Info
                0x0000000020003d48                receiveLength
                0x0000000020003d4c                receiveBuffer
                0x0000000020003d8c                packetSent
                0x0000000020003d94                pUser_Standard_Requests
                0x0000000020003ea0                sysTickUptime.lto_priv.233
                0x0000000020003eb5                debugMode
                0x0000000020003eb6                debug
                0x0000000020003f04                mspFrame.lto_priv.270
                0x0000000020003f28                rxMspFrameDone.lto_priv.271
                0x0000000020003fa4                ppmFrameCount.lto_priv.448
                0x0000000020003fa6                captures.lto_priv.447
                0x0000000020004148                posControl
                0x00000000200048b8                ioRecs
                0x0000000020004a80                mavRecvMsg.lto_priv.280
                0x0000000020004b90                mavSendMsg.lto_priv.279
                0x0000000020004ca0                m_mavlink_status.12816.lto_priv.281
                0x0000000020004cd0                findSharedSerialPortState.lto_priv.346
                0x0000000020004cd2                serialConfig_System
                0x0000000020004d04                serialPortUsageList.lto_priv.234
                0x0000000020004d4c                enabledSensors.lto_priv.245
                0x0000000020004d50                activeFeaturesLatch.lto_priv.236
                0x0000000020004d54                gpsStats
                0x0000000020004d64                detectedSensors
                0x0000000020004d90                boardAlignment_System
                0x0000000020004d96                batteryState
                0x0000000020004d97                batteryFullWhenPluggedIn.lto_priv.274
                0x0000000020004d98                batteryConfig_System
                0x0000000020004db8                batteryRemainingCapacity.lto_priv.273
                0x0000000020004dbc                batteryCriticalVoltage.lto_priv.286
                0x0000000020004dbe                vbat.lto_priv.275
                0x0000000020004dc0                batteryFullVoltage.lto_priv.285
                0x0000000020004dc2                vbatLatestADC.lto_priv.284
                0x0000000020004dd0                accelerometerConfig_System
                0x0000000020004de2                systemConfig_System
                0x0000000020004dfe                barometerConfig_System
                0x0000000020004e00                baro
                0x0000000020004e28                ms56xx_c.lto_priv.525
                0x0000000020004e38                bmp280_cal.lto_priv.526
                0x0000000020004e54                pitotmeterConfig_System
                0x0000000020004e60                pitot
                0x0000000020004e78                adcFunctionMap.lto_priv.377
                0x0000000020004e88                calibratingA.lto_priv.246
                0x0000000020004e8c                stateFlags
                0x0000000020004e90                calibratedPosition.lto_priv.251
                0x0000000020004ebc                rssi.lto_priv.267
                0x0000000020004ebe                rssiSource.lto_priv.266
                0x0000000020004ed4                rxConfig_System
                0x0000000020004ef8                suspendRxSignalUntil.lto_priv.353
                0x0000000020004efc                skipRxSamples.lto_priv.352
                0x0000000020004f00                failsafeState.lto_priv.252
                0x0000000020004f38                rxRuntimeConfig
                0x0000000020004f68                rcSampleIndex.lto_priv.354
                0x0000000020004f6a                rcData
                0x0000000020004f90                rcInvalidPulsPeriod
                0x0000000020004fd8                modeActivationConditions_SystemArray
                0x0000000020005028                telemetrySharedPort
                0x0000000020005074                ibusSerialPort.lto_priv.476
                0x000000002000507c                serialPort.lto_priv.226
                0x00000000200050a4                telemetryState.lto_priv.282
                0x00000000200050a8                smartPortWriteFrame.lto_priv.491
                0x00000000200050ac                mspPorts.lto_priv.287
                0x0000000020005340                findSerialPortConfigState.lto_priv.235
                0x0000000020005344                runcamDevice.lto_priv.496
                0x000000002000538c                switchStates
                0x0000000020005398                armingFlags
                0x00000000200053a0                pProperty
                0x00000000200053ac                rxChannelRangeConfigs_CopyArray
                0x00000000200053bc                rxChannelRangeConfigs_SystemArray
                0x00000000200053cc                modeActivationConditions_CopyArray
                0x000000002000541c                rxConfig_Copy
                0x0000000020005466                systemConfig_Copy
                0x00000000200054a4                serialConfig_Copy
 *fill*         0x00000000200054d6        0x2 
 .bss           0x00000000200054d8      0x688 /tmp/ccjoD88l.ltrans5.ltrans.o
                0x00000000200054d8                warningLedState.lto_priv.370
                0x00000000200054dc                warningLedTimer.lto_priv.371
                0x000000002000553c                beeperConfig_System
                0x0000000020005544                beep_multiBeeps.lto_priv.419
                0x000000002000555a                servoRuleCount.lto_priv.355
                0x000000002000555b                minServoIndex.lto_priv.356
                0x000000002000555c                maxServoIndex.lto_priv.357
                0x000000002000555d                currentServoMixer.lto_priv.358
                0x000000002000559d                customServoMixers_SystemArray
                0x00000000200055e0                servoParams_SystemArray
                0x0000000020005640                servoMetadata.lto_priv.359
                0x0000000020005680                pidProfile_ProfileCurrent
                0x0000000020005684                currentControlRateProfile
                0x0000000020005688                motorConfig_System
                0x0000000020005692                rcCommand
                0x000000002000569c                dT
                0x00000000200056a0                flightModeFlags
                0x00000000200056a4                motors.lto_priv.277
                0x00000000200056d4                motor
                0x00000000200056ec                motorCount.lto_priv.276
                0x00000000200056ee                flight3DConfig_System
                0x00000000200056f4                motor_disarmed
                0x000000002000570c                mixerConfig_System
                0x0000000020005768                gpsSol
                0x000000002000579c                failsafeConfig_System
                0x00000000200057b0                specifiedConditionCountPerMode.lto_priv.348
                0x00000000200057d0                isUsingNAVModes.lto_priv.369
                0x00000000200057d4                rcModeActivationMask
                0x00000000200057d8                lookupThrottleRCMid
                0x00000000200057da                lookupThrottleRC.lto_priv.363
                0x00000000200057f2                rcControlsConfig_System
                0x00000000200057f8                activeBoxIds.lto_priv.272
                0x0000000020005818                activeBoxIdCount
                0x0000000020005834                mixerConfig_Copy
                0x0000000020005848                pidProfile_CopyStorage.lto_priv.320
                0x0000000020005980                pidProfile_Storage.lto_priv.319
                0x0000000020005ab8                servoParams_CopyArray
                0x0000000020005b18                customServoMixers_CopyArray
                0x0000000020005b58                beeperConfig_Copy
 *(SORT_BY_ALIGNMENT(.bss*))
 *(COMMON)
                0x0000000020005b60                . = ALIGN (0x4)
                0x0000000020005b60                _ebss = .
                0x0000000020005b60                __bss_end__ = _ebss

.fastram_bss    0x0000000010000000      0x574
                0x0000000010000000                __fastram_bss_start__ = .
 *(.fastram_bss)
 .fastram_bss   0x0000000010000000       0x62 /tmp/ccjoD88l.ltrans0.ltrans.o
                0x0000000010000000                checkFuncTotalExecutionTime
                0x0000000010000008                checkFuncMovingSumExecutionTime
                0x0000000010000010                checkFuncMaxExecutionTime
                0x0000000010000024                softLpfFilter.lto_priv.466
                0x0000000010000030                softLpfFilterApplyFn.lto_priv.463
                0x0000000010000034                notchFilter1.lto_priv.467
                0x0000000010000040                notchFilter1ApplyFn.lto_priv.464
                0x0000000010000044                notchFilter2.lto_priv.468
                0x0000000010000050                notchFilter2ApplyFn.lto_priv.465
 *fill*         0x0000000010000062        0x2 
 .fastram_bss   0x0000000010000064      0x100 /tmp/ccjoD88l.ltrans1.ltrans.o
 .fastram_bss   0x0000000010000164       0x14 /tmp/ccjoD88l.ltrans2.ltrans.o
                0x0000000010000168                gyro
 .fastram_bss   0x0000000010000178      0x148 /tmp/ccjoD88l.ltrans4.ltrans.o
                0x0000000010000178                totalWaitingTasksSamples.lto_priv.454
                0x000000001000017c                averageSystemLoadPercent
                0x0000000010000180                totalWaitingTasks.lto_priv.455
                0x0000000010000184                orientation
                0x0000000010000194                acc
                0x00000000100001bc                accFilter.lto_priv.247
                0x0000000010000210                accNotchFilterApplyFn.lto_priv.248
                0x0000000010000268                accNotchFilter.lto_priv.249
                0x0000000010000274                taskQueueSize.lto_priv.376
                0x0000000010000278                taskQueueArray.lto_priv.375
                0x00000000100002bc                currentTask.lto_priv.283
 .fastram_bss   0x00000000100002c0      0x2b4 /tmp/ccjoD88l.ltrans5.ltrans.o
                0x00000000100002c0                pidGainsUpdateRequired.lto_priv.268
                0x00000000100002c4                fixedWingTpaFilter.lto_priv.362
                0x00000000100002d0                attitude
                0x00000000100002d8                pidState.lto_priv.360
                0x0000000010000470                notchFilterApplyFn.lto_priv.361
                0x0000000010000474                gpsHeadingInitialized.lto_priv.462
                0x0000000010000478                gyroCalibration.lto_priv.350
                0x00000000100004e0                isAccelUpdatedAtLeastOnce.lto_priv.461
                0x0000000010000514                imuMeasuredAccelBF
                0x0000000010000520                accumulatedRateTimeUs.lto_priv.366
                0x0000000010000528                accumulatedRates.lto_priv.367
                0x0000000010000534                imuMeasuredRotationBF
                0x0000000010000540                headingHoldTarget
                0x0000000010000544                headingHoldRateFilter.lto_priv.347
                0x0000000010000550                imuRuntimeConfig.lto_priv.374
                0x0000000010000570                smallAngleCosZ.lto_priv.460
 *(SORT_BY_ALIGNMENT(.fastram_bss*))
                0x0000000010000574                . = ALIGN (0x4)
                0x0000000010000574                __fastram_bss_end__ = .
                0x0000000010001ff8                _heap_stack_end = ((ORIGIN (STACKRAM) + LENGTH (STACKRAM)) - 0x8)
                0x00000000100007f8                _heap_stack_begin = ((_heap_stack_end - _Min_Stack_Size) - _Min_Heap_Size)
                0x00000000100007f8                . = _heap_stack_begin

._user_heap_stack
                0x0000000010000574     0x1800
                0x0000000010000574                . = ALIGN (0x4)
                [!provide]                        PROVIDE (end, .)
                [!provide]                        PROVIDE (_end, .)
                0x0000000010000574                . = (. + _Min_Heap_Size)
                0x0000000010001d74                . = (. + _Min_Stack_Size)
 *fill*         0x0000000010000574     0x1800 a5
                0x0000000010001d74                . = ALIGN (0x4)

.memory_b1_text
 *(.mb1text)
 *(.mb1text*)
 *(.mb1rodata)
 *(.mb1rodata*)

/DISCARD/
 libc.a(*)
 libm.a(*)
 libgcc.a(*)

.ARM.attributes
                0x0000000000000000       0x35
 *(.ARM.attributes)
 .ARM.attributes
                0x0000000000000000       0x21 obj/main/OPENDRONEBRH/startup_stm32f30x_md_gcc.o
 .ARM.attributes
                0x0000000000000021       0x37 /tmp/ccjoD88l.ltrans0.ltrans.o
 .ARM.attributes
                0x0000000000000058       0x37 /tmp/ccjoD88l.ltrans1.ltrans.o
 .ARM.attributes
                0x000000000000008f       0x37 /tmp/ccjoD88l.ltrans2.ltrans.o
 .ARM.attributes
                0x00000000000000c6       0x37 /tmp/ccjoD88l.ltrans3.ltrans.o
 .ARM.attributes
                0x00000000000000fd       0x37 /tmp/ccjoD88l.ltrans4.ltrans.o
 .ARM.attributes
                0x0000000000000134       0x37 /tmp/ccjoD88l.ltrans5.ltrans.o
 .ARM.attributes
                0x000000000000016b       0x34 /home/ethan/developer/opendrone/tools/gcc-arm-none-eabi-7-2017-q4-major/bin/../lib/gcc/arm-none-eabi/7.2.1/../../../../arm-none-eabi/lib/thumb/v7e-m/fpv4-sp/hard/libc_nano.a(lib_a-strtok_r.o)
 .ARM.attributes
                0x000000000000019f       0x34 /home/ethan/developer/opendrone/tools/gcc-arm-none-eabi-7-2017-q4-major/bin/../lib/gcc/arm-none-eabi/7.2.1/../../../../arm-none-eabi/lib/thumb/v7e-m/fpv4-sp/hard/libc_nano.a(lib_a-errno.o)
 .ARM.attributes
                0x00000000000001d3       0x34 /home/ethan/developer/opendrone/tools/gcc-arm-none-eabi-7-2017-q4-major/bin/../lib/gcc/arm-none-eabi/7.2.1/../../../../arm-none-eabi/lib/thumb/v7e-m/fpv4-sp/hard/libc_nano.a(lib_a-impure.o)
 .ARM.attributes